// Jest Snapshot v1, https://goo.gl/fbAQLP

exports[`HomeScreen matches snapshot 1`] = `
<View
  style={
    {
      "backgroundColor": "#f8f9fa",
      "flex": 1,
    }
  }
  testID="home-screen-container"
>
  <View
    style={
      {
        "backgroundColor": "#f8f9fa",
        "flex": 1,
      }
    }
  >
    <View
      style={
        {
          "backgroundColor": "#ffffff",
          "borderBottomColor": "#e9ecef",
          "borderBottomWidth": 1,
          "elevation": 2,
          "padding": 16,
          "shadowColor": "#000",
          "shadowOffset": {
            "height": 2,
            "width": 0,
          },
          "shadowOpacity": 0.1,
          "shadowRadius": 3,
        }
      }
    >
      <Text
        style={
          {
            "color": "#212529",
            "fontSize": 24,
            "fontWeight": "bold",
            "marginBottom": 12,
          }
        }
      >
        Catálogo de Perros
      </Text>
      <TextInput
        onChangeText={[Function]}
        placeholder="Buscar por nombre"
        placeholderTextColor="#6c757d"
        style={
          {
            "backgroundColor": "#ffffff",
            "borderColor": "#ced4da",
            "borderRadius": 8,
            "borderWidth": 1,
            "color": "#212529",
            "fontSize": 16,
            "height": 46,
            "marginBottom": 16,
            "paddingHorizontal": 16,
          }
        }
        value=""
      />
      <View
        style={
          {
            "flexDirection": "row",
            "justifyContent": "space-between",
            "marginBottom": 12,
          }
        }
      >
        <View
          accessibilityState={
            {
              "busy": undefined,
              "checked": undefined,
              "disabled": undefined,
              "expanded": undefined,
              "selected": undefined,
            }
          }
          accessibilityValue={
            {
              "max": undefined,
              "min": undefined,
              "now": undefined,
              "text": undefined,
            }
          }
          accessible={true}
          collapsable={false}
          focusable={true}
          onClick={[Function]}
          onResponderGrant={[Function]}
          onResponderMove={[Function]}
          onResponderRelease={[Function]}
          onResponderTerminate={[Function]}
          onResponderTerminationRequest={[Function]}
          onStartShouldSetResponder={[Function]}
          style={
            {
              "alignItems": "center",
              "backgroundColor": "#0066cc",
              "borderRadius": 8,
              "flex": 1,
              "justifyContent": "center",
              "marginRight": 8,
              "opacity": 1,
              "paddingHorizontal": 16,
              "paddingVertical": 10,
            }
          }
        >
          <Text
            style={
              {
                "color": "#ffffff",
                "fontSize": 14,
                "fontWeight": "600",
              }
            }
          >
            Refrescar Perros
          </Text>
        </View>
        <View
          accessibilityState={
            {
              "busy": undefined,
              "checked": undefined,
              "disabled": undefined,
              "expanded": undefined,
              "selected": undefined,
            }
          }
          accessibilityValue={
            {
              "max": undefined,
              "min": undefined,
              "now": undefined,
              "text": undefined,
            }
          }
          accessible={true}
          collapsable={false}
          focusable={true}
          onClick={[Function]}
          onResponderGrant={[Function]}
          onResponderMove={[Function]}
          onResponderRelease={[Function]}
          onResponderTerminate={[Function]}
          onResponderTerminationRequest={[Function]}
          onStartShouldSetResponder={[Function]}
          style={
            {
              "alignItems": "center",
              "backgroundColor": "#28a745",
              "borderRadius": 8,
              "flex": 1,
              "justifyContent": "center",
              "marginLeft": 8,
              "marginRight": 0,
              "opacity": 1,
              "paddingHorizontal": 16,
              "paddingVertical": 10,
            }
          }
        >
          <Text
            style={
              {
                "color": "#ffffff",
                "fontSize": 14,
                "fontWeight": "600",
              }
            }
          >
            Obtener Ubicación
          </Text>
        </View>
      </View>
    </View>
    <View
      style={
        {
          "alignItems": "center",
          "flex": 1,
          "justifyContent": "center",
        }
      }
    >
      <ActivityIndicator
        color="#0066cc"
        size="large"
      />
      <Text
        style={
          {
            "color": "#6c757d",
            "fontSize": 16,
            "marginTop": 12,
          }
        }
      >
        Cargando perros...
      </Text>
    </View>
  </View>
</View>
`;
